<?xml version="1.0" encoding="UTF-8"?>
<TestRun id="e1e718c2-3bad-473f-8ab5-985fb62a441f" name="knguyen@NYC1AGLMKNGUYE1 2015-04-20 15:55:01" runUser="MBSINTL\knguyen" xmlns="http://microsoft.com/schemas/VisualStudio/TeamTest/2010">
  <TestSettings name="Local" id="23b2b9a2-03d4-4a15-aa74-84d949527ec4">
    <Description>These are default test settings for a local test run.</Description>
    <Deployment enabled="false" runDeploymentRoot="knguyen_NYC1AGLMKNGUYE1 2015-04-20 15_55_01">
      <DeploymentItem filename="C:\Users\knguyen\documents\visual studio 2010\Projects\AngularJS.Cab.Fare.Calculator\packages\Microsoft.Web.Infrastructure.1.0.0.0\lib\net40\Microsoft.Web.Infrastructure.dll" />
      <DeploymentItem filename="C:\Users\knguyen\documents\visual studio 2010\Projects\AngularJS.Cab.Fare.Calculator\packages\FluentAssertions.3.3.0\lib\net40\FluentAssertions.Core.dll" />
      <DeploymentItem filename="C:\Users\knguyen\documents\visual studio 2010\Projects\AngularJS.Cab.Fare.Calculator\packages\Microsoft.AspNet.WebPages.1.0.20105.408\lib\net40\System.Web.WebPages.dll" />
      <DeploymentItem filename="C:\Users\knguyen\documents\visual studio 2010\Projects\AngularJS.Cab.Fare.Calculator\packages\Microsoft.AspNet.Mvc.3.0.20105.1\lib\net40\System.Web.Mvc.dll" />
      <DeploymentItem filename="C:\Users\knguyen\documents\visual studio 2010\Projects\AngularJS.Cab.Fare.Calculator\AngularJS.Cab.Fare.Calculator\bin\AngularJS.Cab.Fare.Calculator.dll" />
      <DeploymentItem filename="C:\Users\knguyen\documents\visual studio 2010\Projects\AngularJS.Cab.Fare.Calculator\packages\Microsoft.AspNet.WebPages.1.0.20105.408\lib\net40\System.Web.Helpers.dll" />
      <DeploymentItem filename="C:\Users\knguyen\documents\visual studio 2010\Projects\AngularJS.Cab.Fare.Calculator\packages\Microsoft.AspNet.Razor.1.0.20105.408\lib\net40\System.Web.Razor.dll" />
      <DeploymentItem filename="C:\Users\knguyen\documents\visual studio 2010\Projects\AngularJS.Cab.Fare.Calculator\packages\Microsoft.AspNet.WebPages.1.0.20105.408\lib\net40\System.Web.WebPages.Razor.dll" />
      <DeploymentItem filename="C:\Users\knguyen\documents\visual studio 2010\Projects\AngularJS.Cab.Fare.Calculator\packages\FluentAssertions.3.3.0\lib\net40\FluentAssertions.dll" />
      <DeploymentItem filename="C:\Users\knguyen\documents\visual studio 2010\Projects\AngularJS.Cab.Fare.Calculator\packages\Microsoft.AspNet.WebPages.1.0.20105.408\lib\net40\System.Web.WebPages.Deployment.dll" />
    </Deployment>
    <Execution>
      <TestTypeSpecific />
      <AgentRule name="Execution Agents">
      </AgentRule>
    </Execution>
  </TestSettings>
  <Times creation="2015-04-20T15:55:01.4768272-04:00" queuing="2015-04-20T15:55:01.5188314-04:00" start="2015-04-20T15:55:01.5338329-04:00" finish="2015-04-20T15:55:01.7738569-04:00" />
  <ResultSummary outcome="Completed">
    <Counters total="1" executed="1" passed="1" error="0" failed="0" timeout="0" aborted="0" inconclusive="0" passedButRunAborted="0" notRunnable="0" notExecuted="0" disconnected="0" warning="0" completed="0" inProgress="0" pending="0" />
  </ResultSummary>
  <TestDefinitions>
    <UnitTest name="Index_Action_Returns_View" storage="c:\users\knguyen\documents\visual studio 2010\projects\angularjs.cab.fare.calculator\cab.fare.calculator.test\bin\debug\cab.fare.calculator.test.dll" id="f6e50fbf-2f4b-80bd-a95c-0975bd873510">
      <Execution id="fb826201-8d8b-404b-ad47-0997cb99a4ff" />
      <TestMethod codeBase="C:/Users/knguyen/documents/visual studio 2010/Projects/AngularJS.Cab.Fare.Calculator/Cab.Fare.Calculator.Test/bin/Debug/Cab.Fare.Calculator.Test.DLL" adapterTypeName="Microsoft.VisualStudio.TestTools.TestTypes.Unit.UnitTestAdapter, Microsoft.VisualStudio.QualityTools.Tips.UnitTest.Adapter, Version=10.0.0.0, Culture=neutral, PublicKeyToken=b03f5f7f11d50a3a" className="Cab.Fare.Calculator.Test.FareCalcTest, Cab.Fare.Calculator.Test, Version=1.0.0.0, Culture=neutral, PublicKeyToken=null" name="Index_Action_Returns_View" />
    </UnitTest>
  </TestDefinitions>
  <TestLists>
    <TestList name="Results Not in a List" id="8c84fa94-04c1-424b-9868-57a2d4851a1d" />
    <TestList name="All Loaded Results" id="19431567-8539-422a-85d7-44ee4e166bda" />
  </TestLists>
  <TestEntries>
    <TestEntry testId="f6e50fbf-2f4b-80bd-a95c-0975bd873510" executionId="fb826201-8d8b-404b-ad47-0997cb99a4ff" testListId="8c84fa94-04c1-424b-9868-57a2d4851a1d" />
  </TestEntries>
  <Results>
    <UnitTestResult executionId="fb826201-8d8b-404b-ad47-0997cb99a4ff" testId="f6e50fbf-2f4b-80bd-a95c-0975bd873510" testName="Index_Action_Returns_View" computerName="NYC1AGLMKNGUYE1" duration="00:00:00.0237254" startTime="2015-04-20T15:55:01.5448340-04:00" endTime="2015-04-20T15:55:01.7178513-04:00" testType="13cdc9d9-ddb5-4fa4-a97d-d965ccfc6d4b" outcome="Passed" testListId="8c84fa94-04c1-424b-9868-57a2d4851a1d" relativeResultsDirectory="fb826201-8d8b-404b-ad47-0997cb99a4ff">
    </UnitTestResult>
  </Results>
</TestRun>